<area shape="rect" href="$_draw_2stdafx_8h&#45;source.html" title="Draw/stdafx.h" alt="" coords="5,80,109,107">
<area shape="rect" href="$_extensions_2stdafx_8h&#45;source.html" title="Extensions/stdafx.h" alt="" coords="133,80,272,107">
<area shape="rect" href="$_fonts_2stdafx_8h&#45;source.html" title="Fonts/stdafx.h" alt="" coords="296,80,403,107">
<area shape="rect" href="$_fps_2stdafx_8h&#45;source.html" title="Fps/stdafx.h" alt="" coords="427,80,523,107">
<area shape="rect" href="$_lighting_2stdafx_8h&#45;source.html" title="Lighting/stdafx.h" alt="" coords="547,80,667,107">
<area shape="rect" href="$_matrix_operations_2stdafx_8h&#45;source.html" title="MatrixOperations/stdafx.h" alt="" coords="691,80,864,107">
<area shape="rect" href="$_multi_language_2stdafx_8h&#45;source.html" title="MultiLanguage/stdafx.h" alt="" coords="888,80,1048,107">
<area shape="rect" href="$_open_g_l_framework_2stdafx_8h&#45;source.html" title="OpenGLFramework/stdafx.h" alt="" coords="1072,80,1261,107">
<area shape="rect" href="$_sound_2stdafx_8h&#45;source.html" title="Sound/stdafx.h" alt="" coords="1285,80,1397,107">
<area shape="rect" href="$_speed_control_2stdafx_8h&#45;source.html" title="SpeedControl/stdafx.h" alt="" coords="1421,80,1576,107">
<area shape="rect" href="$_framework_8cpp.html" title="Moduł szkieletu (framework)." alt="" coords="1049,155,1284,181">
