<area shape="rect" href="$class_c_game_control.html" title="Główna klasa zarządzająca grą." alt="" coords="1793,476,1903,503">
<area shape="rect" title="m_p3DObjManager" alt="" coords="1547,93,1555,101">
<area shape="rect" title="m_p3DObjManager" alt="" coords="1843,472,1851,480">
<area shape="rect" href="$class_c3_d_obj_file.html" title="Klasa zapisu i odczytu pliku 3DObj." alt="" coords="2037,392,2128,419">
<area shape="rect" title="m_p3DObjFile" alt="" coords="2071,388,2079,396">
<area shape="rect" title="m_p3DObjFile" alt="" coords="1527,81,1535,89">
<area shape="rect" title="m_pGameCtrl" alt="" coords="1843,472,1851,480">
<area shape="rect" title="m_pGameCtrl" alt="" coords="1540,108,1548,116">
<area shape="rect" title="m_pGameCtrl" alt="" coords="1877,472,1885,480">
<area shape="rect" title="m_pGameCtrl" alt="" coords="2039,415,2047,423">
<area shape="rect" href="$class_c_particles.html" title="Klasa cząsteczek." alt="" coords="2041,464,2124,491">
<area shape="rect" title="m_pGameCtrl" alt="" coords="1900,499,1908,507">
<area shape="rect" title="m_pGameCtrl" alt="" coords="2052,487,2060,495">
<area shape="rect" href="$class_c_singleton_base.html" title="CSingletonBase\&lt; CGameControl \&gt;" alt="" coords="1375,145,1604,172">
<area shape="rect" href="$class_c_emboss_bump.html" title="Klasa tworzenia efektu tłoczonego mapowania wybojów." alt="" coords="1235,165,1349,192">
<area shape="rect" title="m_pEmbossBump" alt="" coords="1336,188,1344,196">
<area shape="rect" title="m_pEmbossBump" alt="" coords="1841,472,1849,480">
<area shape="rect" href="$class_c_vector4.html" title="Klasa reprezentująca wektor 4D." alt="" coords="708,183,785,209">
<area shape="rect" title="m_cLight" alt="" coords="781,191,789,199">
<area shape="rect" title="m_cLight" alt="" coords="1231,176,1239,184">
<area shape="rect" href="$struct_c_stencil_shadow_1_1_s_object_transform_info.html" title="Struktura przechowująca wszelkie informacje o przekształceniach macierzy widoku..." alt="" coords="939,207,1197,233">
<area shape="rect" title="cLightPos" alt="" coords="781,203,789,211">
<area shape="rect" title="cLightPos" alt="" coords="935,219,943,227">
<area shape="rect" href="$class_c_console.html" title="Klasa konsoli." alt="" coords="1449,527,1529,553">
<area shape="rect" title="m_pConsole" alt="" coords="1525,533,1533,541">
<area shape="rect" title="m_pConsole" alt="" coords="1797,499,1805,507">
<area shape="rect" href="$class_c_r_menu_base.html" title="Klasa bazowa dla klas GUI z przyciskami." alt="" coords="1016,321,1120,348">
<area shape="rect" href="$class_c_r_message_box.html" title="Klasa rysująca MessageBox&#45;a." alt="" coords="1431,361,1548,388">
<area shape="rect" href="$class_c_bitmap_font.html" title="Klasa umożliwiająca rysowanie tekstu czcionką rastrową." alt="" coords="1019,615,1117,641">
<area shape="rect" title="m_pBitmapFont" alt="" coords="1115,623,1123,631">
<area shape="rect" title="m_pBitmapFont" alt="" coords="1821,499,1829,507">
<area shape="rect" title="m_pBitmapFont" alt="" coords="1115,616,1123,624">
<area shape="rect" title="m_pBitmapFont" alt="" coords="1445,547,1453,555">
<area shape="rect" href="$class_c_s_d_l_font.html" title="Klasa renderująca tekst." alt="" coords="1027,415,1109,441">
<area shape="rect" title="m_pSDLFont" alt="" coords="1107,424,1115,432">
<area shape="rect" title="m_pSDLFont" alt="" coords="1801,472,1809,480">
<area shape="rect" title="m_pSDLFont" alt="" coords="1092,437,1100,445">
<area shape="rect" title="m_pSDLFont" alt="" coords="1445,532,1453,540">
<area shape="rect" href="$class_c_fps.html" title="Klasa zliczająca i wyświetlająca ilość generowanych klatek na sekundę." alt="" coords="1463,476,1516,503">
<area shape="rect" title="m_pSDLFont" alt="" coords="1107,435,1115,443">
<area shape="rect" title="m_pSDLFont" alt="" coords="1459,484,1467,492">
<area shape="rect" title="m_pSDLFontText" alt="" coords="1107,419,1115,427">
<area shape="rect" title="m_pSDLFontText" alt="" coords="1427,379,1435,387">
<area shape="rect" href="$class_c_window_data.html" title="Klasa okna aplikacji." alt="" coords="693,281,800,308">
<area shape="rect" title="m_pWin" alt="" coords="796,291,804,299">
<area shape="rect" title="m_pWin" alt="" coords="1841,472,1849,480">
<area shape="rect" title="m_pWinData" alt="" coords="775,304,783,312">
<area shape="rect" title="m_pWinData" alt="" coords="1032,411,1040,419">
<area shape="rect" href="$class_c_singleton_base.html" title="CSingletonBase\&lt; CWindowData \&gt;" alt="" coords="293,180,520,207">
<area shape="rect" href="$class_c_a_r_b_multisample.html" title="Klasa obsługująca antyaliasing." alt="" coords="341,231,472,257">
<area shape="rect" title="m_pARBMultisample" alt="" coords="468,244,476,252">
<area shape="rect" title="m_pARBMultisample" alt="" coords="699,277,707,285">
<area shape="rect" href="$class_c_multi_language.html" title="Klasa wspierająca wielojęzyczność." alt="" coords="348,281,465,308">
<area shape="rect" title="m_pMultiLang" alt="" coords="463,291,471,299">
<area shape="rect" title="m_pMultiLang" alt="" coords="689,291,697,299">
<area shape="rect" href="$class_c_singleton_base.html" title="CSingletonBase\&lt; CMultiLanguage \&gt;" alt="" coords="5,281,243,308">
<area shape="rect" href="$struct_c_window_data_1_1_s_setting_file.html" title="Struktura przechowująca ustawienia aplikacji." alt="" coords="313,332,500,359">
<area shape="rect" title="m_sSettingFile" alt="" coords="496,335,504,343">
<area shape="rect" title="m_sSettingFile" alt="" coords="697,304,705,312">
<area shape="rect" href="$class_c_logger.html" title="Klasa loggera." alt="" coords="371,383,443,409">
<area shape="rect" title="m_pLogger" alt="" coords="440,391,448,399">
<area shape="rect" title="m_pLogger" alt="" coords="729,304,737,312">
<area shape="rect" href="$class_c_my_font.html" title="Klasa rysująca tekst." alt="" coords="1031,544,1105,571">
<area shape="rect" title="m_pMyFont" alt="" coords="1103,555,1111,563">
<area shape="rect" title="m_pMyFont" alt="" coords="1445,541,1453,549">
<area shape="rect" href="$class_c_speed_control.html" title="Klasa kontroli szybkości animacji." alt="" coords="1012,700,1124,727">
<area shape="rect" title="m_pSpeedControl" alt="" coords="1121,705,1129,713">
<area shape="rect" title="m_pSpeedControl" alt="" coords="1836,499,1844,507">
<area shape="rect" title="m_pSpeedControl" alt="" coords="1121,704,1129,712">
<area shape="rect" title="m_pSpeedControl" alt="" coords="1445,539,1453,547">
<area shape="rect" href="$class_c_matrix_operations.html" title="Klasa wspierająca obliczenia dla przekształceń dwu i trzywymiarowych." alt="" coords="1423,705,1556,732">
<area shape="rect" title="m_pMatrixOp" alt="" coords="1552,727,1560,735">
<area shape="rect" title="m_pMatrixOp" alt="" coords="1844,499,1852,507">
<area shape="rect" title="m_pFps" alt="" coords="1513,485,1521,493">
<area shape="rect" title="m_pFps" alt="" coords="1789,485,1797,493">
<area shape="rect" href="$class_c_stencil_shadow.html" title="Klasa wspomagająca rysowanie dynamicznych cieni shadow volume." alt="" coords="1429,260,1549,287">
<area shape="rect" title="m_pStencilShadow" alt="" coords="1545,260,1553,268">
<area shape="rect" title="m_pStencilShadow" alt="" coords="1843,472,1851,480">
<area shape="rect" title="m_sObjTransfInfo" alt="" coords="1193,229,1201,237">
<area shape="rect" title="m_sObjTransfInfo" alt="" coords="1425,260,1433,268">
<area shape="rect" href="$class_c_billboard.html" title="Klasa rysująca billboardy." alt="" coords="1448,756,1531,783">
<area shape="rect" title="m_pBillboard" alt="" coords="1527,776,1535,784">
<area shape="rect" title="m_pBillboard" alt="" coords="1843,499,1851,507">
<area shape="rect" href="$class_c_w_g_l_e_x_t_swap_control.html" title="Klasa kontrolująca synchronizację renderowania klatek z odświeżaniem ekranu monitora..." alt="" coords="1407,807,1572,833">
<area shape="rect" title="m_pWglExtSwapCtrl" alt="" coords="1568,824,1576,832">
<area shape="rect" title="m_pWglExtSwapCtrl" alt="" coords="1843,499,1851,507">
<area shape="rect" href="$class_c_singleton_base.html" title="CSingletonBase\&lt; CWGLEXTSwapControl \&gt;" alt="" coords="927,807,1209,833">
<area shape="rect" href="$class_c_outline_font.html" title="Klasa umożliwiająca rysowanie tekstu czcionką konturową." alt="" coords="1439,857,1540,884">
<area shape="rect" title="m_pOutlineFont" alt="" coords="1536,880,1544,888">
<area shape="rect" title="m_pOutlineFont" alt="" coords="1843,499,1851,507">
<area shape="rect" href="$class_c_cursor.html" title="Klasa zarządzająca kursorami." alt="" coords="1453,908,1525,935">
<area shape="rect" title="m_pCursor" alt="" coords="1521,929,1529,937">
<area shape="rect" title="m_pCursor" alt="" coords="1844,499,1852,507">
<area shape="rect" title="m_pParticles" alt="" coords="2037,476,2045,484">
<area shape="rect" title="m_pParticles" alt="" coords="1900,483,1908,491">
<area shape="rect" href="$class_c_texture_font.html" title="Klasa umożliwiająca rysowanie tekstu za pomocą tekstury z czcionką." alt="" coords="1437,1023,1541,1049">
<area shape="rect" title="m_pTextureFont" alt="" coords="1537,1044,1545,1052">
<area shape="rect" title="m_pTextureFont" alt="" coords="1843,499,1851,507">
<area shape="rect" href="$class_c_texture_loader.html" title="Klasa odpowiedzialana za wczytywanie tekstur." alt="" coords="1009,992,1127,1019">
<area shape="rect" title="m_pTextureLoader" alt="" coords="1124,997,1132,1005">
<area shape="rect" title="m_pTextureLoader" alt="" coords="1844,499,1852,507">
<area shape="rect" title="m_pTextureLoader" alt="" coords="1124,1005,1132,1013">
<area shape="rect" title="m_pTextureLoader" alt="" coords="1433,1028,1441,1036">
<area shape="rect" href="$class_c_a_r_b_multi_texturing.html" title="Klasa obsługująca multiteksturing." alt="" coords="1419,5,1560,32">
<area shape="rect" title="m_pARBMultiTexturing" alt="" coords="1557,11,1565,19">
<area shape="rect" title="m_pARBMultiTexturing" alt="" coords="1843,472,1851,480">
<area shape="rect" href="$class_c_singleton_base.html" title="CSingletonBase\&lt; CARBMultiTexturing \&gt;" alt="" coords="937,5,1199,32">
<area shape="rect" title="m_pRMessageBox" alt="" coords="1545,367,1553,375">
<area shape="rect" title="m_pRMessageBox" alt="" coords="1835,472,1843,480">
